error: #[serde(default)] can only be used on structs with named fields
 --> tests/ui/default-attribute/enum.rs:4:9
  |
4 | #[serde(default)]
  |         ^^^^^^^
