error: #[serde(default = "...")] can only be used on structs with named fields
 --> tests/ui/default-attribute/nameless_struct_fields_path.rs:4:9
  |
4 | #[serde(default = "default_t")]
  |         ^^^^^^^^^^^^^^^^^^^^^
